# Creates an empty graph, adds a node to it,
# adds an edge to itself, and gets the child

# Create a graph
created graph graph

# Add a node to graph
added node node to graph

# Add an edge from node to node in graph
added edge edge from node to node in graph

# Get the children of node
the children of node in graph are: node(edge)